13:47:40 **** Build of project lab1proj_bsp ****
make -k all 
Running Make include in ps7_cortexa9_0/libsrc/coresightps_dcc_v1_5/src
make -C ps7_cortexa9_0/libsrc/coresightps_dcc_v1_5/src -s include  "SHELL=/bin/sh" "COMPILER=arm-none-eabi-gcc" "ARCHIVER=arm-none-eabi-ar" "COMPILER_FLAGS=  -O2 -c" "EXTRA_COMPILER_FLAGS=-mcpu=cortex-a9 -mfpu=vfpv3 -mfloat-abi=hard -nostartfiles -g -Wall -Wextra"
Running Make include in ps7_cortexa9_0/libsrc/cpu_cortexa9_v2_7/src
make -C ps7_cortexa9_0/libsrc/cpu_cortexa9_v2_7/src -s include  "SHELL=/bin/sh" "COMPILER=arm-none-eabi-gcc" "ARCHIVER=arm-none-eabi-ar" "COMPILER_FLAGS=  -O2 -c" "EXTRA_COMPILER_FLAGS=-mcpu=cortex-a9 -mfpu=vfpv3 -mfloat-abi=hard -nostartfiles -g -Wall -Wextra"
Running Make include in ps7_cortexa9_0/libsrc/ddrps_v1_0/src
make -C ps7_cortexa9_0/libsrc/ddrps_v1_0/src -s include  "SHELL=/bin/sh" "COMPILER=arm-none-eabi-gcc" "ARCHIVER=arm-none-eabi-ar" "COMPILER_FLAGS=  -O2 -c" "EXTRA_COMPILER_FLAGS=-mcpu=cortex-a9 -mfpu=vfpv3 -mfloat-abi=hard -nostartfiles -g -Wall -Wextra"
Running Make include in ps7_cortexa9_0/libsrc/devcfg_v3_5/src
make -C ps7_cortexa9_0/libsrc/devcfg_v3_5/src -s include  "SHELL=/bin/sh" "COMPILER=arm-none-eabi-gcc" "ARCHIVER=arm-none-eabi-ar" "COMPILER_FLAGS=  -O2 -c" "EXTRA_COMPILER_FLAGS=-mcpu=cortex-a9 -mfpu=vfpv3 -mfloat-abi=hard -nostartfiles -g -Wall -Wextra"
Running Make include in ps7_cortexa9_0/libsrc/dmaps_v2_4/src
make -C ps7_cortexa9_0/libsrc/dmaps_v2_4/src -s include  "SHELL=/bin/sh" "COMPILER=arm-none-eabi-gcc" "ARCHIVER=arm-none-eabi-ar" "COMPILER_FLAGS=  -O2 -c" "EXTRA_COMPILER_FLAGS=-mcpu=cortex-a9 -mfpu=vfpv3 -mfloat-abi=hard -nostartfiles -g -Wall -Wextra"
Running Make include in ps7_cortexa9_0/libsrc/emacps_v3_9/src
make -C ps7_cortexa9_0/libsrc/emacps_v3_9/src -s include  "SHELL=/bin/sh" "COMPILER=arm-none-eabi-gcc" "ARCHIVER=arm-none-eabi-ar" "COMPILER_FLAGS=  -O2 -c" "EXTRA_COMPILER_FLAGS=-mcpu=cortex-a9 -mfpu=vfpv3 -mfloat-abi=hard -nostartfiles -g -Wall -Wextra"
Running Make include in ps7_cortexa9_0/libsrc/freertos10_xilinx_v1_3/src
make -C ps7_cortexa9_0/libsrc/freertos10_xilinx_v1_3/src -s include  "SHELL=/bin/sh" "COMPILER=arm-none-eabi-gcc" "ARCHIVER=arm-none-eabi-ar" "COMPILER_FLAGS=  -O2 -c" "EXTRA_COMPILER_FLAGS=-mcpu=cortex-a9 -mfpu=vfpv3 -mfloat-abi=hard -nostartfiles -g -Wall -Wextra"
include
Running Make include in ps7_cortexa9_0/libsrc/gpiops_v3_5/src
make -C ps7_cortexa9_0/libsrc/gpiops_v3_5/src -s include  "SHELL=/bin/sh" "COMPILER=arm-none-eabi-gcc" "ARCHIVER=arm-none-eabi-ar" "COMPILER_FLAGS=  -O2 -c" "EXTRA_COMPILER_FLAGS=-mcpu=cortex-a9 -mfpu=vfpv3 -mfloat-abi=hard -nostartfiles -g -Wall -Wextra"
Running Make include in ps7_cortexa9_0/libsrc/gpio_v4_4/src
make -C ps7_cortexa9_0/libsrc/gpio_v4_4/src -s include  "SHELL=/bin/sh" "COMPILER=arm-none-eabi-gcc" "ARCHIVER=arm-none-eabi-ar" "COMPILER_FLAGS=  -O2 -c" "EXTRA_COMPILER_FLAGS=-mcpu=cortex-a9 -mfpu=vfpv3 -mfloat-abi=hard -nostartfiles -g -Wall -Wextra"
Running Make include in ps7_cortexa9_0/libsrc/scugic_v4_0/src
make -C ps7_cortexa9_0/libsrc/scugic_v4_0/src -s include  "SHELL=/bin/sh" "COMPILER=arm-none-eabi-gcc" "ARCHIVER=arm-none-eabi-ar" "COMPILER_FLAGS=  -O2 -c" "EXTRA_COMPILER_FLAGS=-mcpu=cortex-a9 -mfpu=vfpv3 -mfloat-abi=hard -nostartfiles -g -Wall -Wextra"
Running Make include in ps7_cortexa9_0/libsrc/scutimer_v2_1/src
make -C ps7_cortexa9_0/libsrc/scutimer_v2_1/src -s include  "SHELL=/bin/sh" "COMPILER=arm-none-eabi-gcc" "ARCHIVER=arm-none-eabi-ar" "COMPILER_FLAGS=  -O2 -c" "EXTRA_COMPILER_FLAGS=-mcpu=cortex-a9 -mfpu=vfpv3 -mfloat-abi=hard -nostartfiles -g -Wall -Wextra"
Running Make include in ps7_cortexa9_0/libsrc/scuwdt_v2_1/src
make -C ps7_cortexa9_0/libsrc/scuwdt_v2_1/src -s include  "SHELL=/bin/sh" "COMPILER=arm-none-eabi-gcc" "ARCHIVER=arm-none-eabi-ar" "COMPILER_FLAGS=  -O2 -c" "EXTRA_COMPILER_FLAGS=-mcpu=cortex-a9 -mfpu=vfpv3 -mfloat-abi=hard -nostartfiles -g -Wall -Wextra"
Running Make include in ps7_cortexa9_0/libsrc/uartps_v3_7/src
make -C ps7_cortexa9_0/libsrc/uartps_v3_7/src -s include  "SHELL=/bin/sh" "COMPILER=arm-none-eabi-gcc" "ARCHIVER=arm-none-eabi-ar" "COMPILER_FLAGS=  -O2 -c" "EXTRA_COMPILER_FLAGS=-mcpu=cortex-a9 -mfpu=vfpv3 -mfloat-abi=hard -nostartfiles -g -Wall -Wextra"
Running Make include in ps7_cortexa9_0/libsrc/xadcps_v2_3/src
make -C ps7_cortexa9_0/libsrc/xadcps_v2_3/src -s include  "SHELL=/bin/sh" "COMPILER=arm-none-eabi-gcc" "ARCHIVER=arm-none-eabi-ar" "COMPILER_FLAGS=  -O2 -c" "EXTRA_COMPILER_FLAGS=-mcpu=cortex-a9 -mfpu=vfpv3 -mfloat-abi=hard -nostartfiles -g -Wall -Wextra"
Running Make libs in ps7_cortexa9_0/libsrc/coresightps_dcc_v1_5/src
make -C ps7_cortexa9_0/libsrc/coresightps_dcc_v1_5/src -s libs  "SHELL=/bin/sh" "COMPILER=arm-none-eabi-gcc" "ARCHIVER=arm-none-eabi-ar" "COMPILER_FLAGS=  -O2 -c" "EXTRA_COMPILER_FLAGS=-mcpu=cortex-a9 -mfpu=vfpv3 -mfloat-abi=hard -nostartfiles -g -Wall -Wextra"
Compiling coresightps_dcc
arm-none-eabi-ar: creating ../../../lib/libxil.a
Running Make libs in ps7_cortexa9_0/libsrc/cpu_cortexa9_v2_7/src
make -C ps7_cortexa9_0/libsrc/cpu_cortexa9_v2_7/src -s libs  "SHELL=/bin/sh" "COMPILER=arm-none-eabi-gcc" "ARCHIVER=arm-none-eabi-ar" "COMPILER_FLAGS=  -O2 -c" "EXTRA_COMPILER_FLAGS=-mcpu=cortex-a9 -mfpu=vfpv3 -mfloat-abi=hard -nostartfiles -g -Wall -Wextra"
Compiling cpu_cortexa9
Running Make libs in ps7_cortexa9_0/libsrc/ddrps_v1_0/src
make -C ps7_cortexa9_0/libsrc/ddrps_v1_0/src -s libs  "SHELL=/bin/sh" "COMPILER=arm-none-eabi-gcc" "ARCHIVER=arm-none-eabi-ar" "COMPILER_FLAGS=  -O2 -c" "EXTRA_COMPILER_FLAGS=-mcpu=cortex-a9 -mfpu=vfpv3 -mfloat-abi=hard -nostartfiles -g -Wall -Wextra"
Compiling ddrps
Running Make libs in ps7_cortexa9_0/libsrc/devcfg_v3_5/src
make -C ps7_cortexa9_0/libsrc/devcfg_v3_5/src -s libs  "SHELL=/bin/sh" "COMPILER=arm-none-eabi-gcc" "ARCHIVER=arm-none-eabi-ar" "COMPILER_FLAGS=  -O2 -c" "EXTRA_COMPILER_FLAGS=-mcpu=cortex-a9 -mfpu=vfpv3 -mfloat-abi=hard -nostartfiles -g -Wall -Wextra"
Compiling devcfg
Running Make libs in ps7_cortexa9_0/libsrc/dmaps_v2_4/src
make -C ps7_cortexa9_0/libsrc/dmaps_v2_4/src -s libs  "SHELL=/bin/sh" "COMPILER=arm-none-eabi-gcc" "ARCHIVER=arm-none-eabi-ar" "COMPILER_FLAGS=  -O2 -c" "EXTRA_COMPILER_FLAGS=-mcpu=cortex-a9 -mfpu=vfpv3 -mfloat-abi=hard -nostartfiles -g -Wall -Wextra"
Compiling dmaps
Running Make libs in ps7_cortexa9_0/libsrc/emacps_v3_9/src
make -C ps7_cortexa9_0/libsrc/emacps_v3_9/src -s libs  "SHELL=/bin/sh" "COMPILER=arm-none-eabi-gcc" "ARCHIVER=arm-none-eabi-ar" "COMPILER_FLAGS=  -O2 -c" "EXTRA_COMPILER_FLAGS=-mcpu=cortex-a9 -mfpu=vfpv3 -mfloat-abi=hard -nostartfiles -g -Wall -Wextra"
Compiling emacps
Running Make libs in ps7_cortexa9_0/libsrc/freertos10_xilinx_v1_3/src
make -C ps7_cortexa9_0/libsrc/freertos10_xilinx_v1_3/src -s libs  "SHELL=/bin/sh" "COMPILER=arm-none-eabi-gcc" "ARCHIVER=arm-none-eabi-ar" "COMPILER_FLAGS=  -O2 -c" "EXTRA_COMPILER_FLAGS=-mcpu=cortex-a9 -mfpu=vfpv3 -mfloat-abi=hard -nostartfiles -g -Wall -Wextra"
Compiling standalone
Compiling FreeRTOS
arm-none-eabi-ar: creating ../../../lib/libfreertos.a
Running Make libs in ps7_cortexa9_0/libsrc/gpiops_v3_5/src
make -C ps7_cortexa9_0/libsrc/gpiops_v3_5/src -s libs  "SHELL=/bin/sh" "COMPILER=arm-none-eabi-gcc" "ARCHIVER=arm-none-eabi-ar" "COMPILER_FLAGS=  -O2 -c" "EXTRA_COMPILER_FLAGS=-mcpu=cortex-a9 -mfpu=vfpv3 -mfloat-abi=hard -nostartfiles -g -Wall -Wextra"
Compiling gpiops
Running Make libs in ps7_cortexa9_0/libsrc/gpio_v4_4/src
make -C ps7_cortexa9_0/libsrc/gpio_v4_4/src -s libs  "SHELL=/bin/sh" "COMPILER=arm-none-eabi-gcc" "ARCHIVER=arm-none-eabi-ar" "COMPILER_FLAGS=  -O2 -c" "EXTRA_COMPILER_FLAGS=-mcpu=cortex-a9 -mfpu=vfpv3 -mfloat-abi=hard -nostartfiles -g -Wall -Wextra"
Compiling gpio
Running Make libs in ps7_cortexa9_0/libsrc/scugic_v4_0/src
make -C ps7_cortexa9_0/libsrc/scugic_v4_0/src -s libs  "SHELL=/bin/sh" "COMPILER=arm-none-eabi-gcc" "ARCHIVER=arm-none-eabi-ar" "COMPILER_FLAGS=  -O2 -c" "EXTRA_COMPILER_FLAGS=-mcpu=cortex-a9 -mfpu=vfpv3 -mfloat-abi=hard -nostartfiles -g -Wall -Wextra"
Compiling scugic
Running Make libs in ps7_cortexa9_0/libsrc/scutimer_v2_1/src
make -C ps7_cortexa9_0/libsrc/scutimer_v2_1/src -s libs  "SHELL=/bin/sh" "COMPILER=arm-none-eabi-gcc" "ARCHIVER=arm-none-eabi-ar" "COMPILER_FLAGS=  -O2 -c" "EXTRA_COMPILER_FLAGS=-mcpu=cortex-a9 -mfpu=vfpv3 -mfloat-abi=hard -nostartfiles -g -Wall -Wextra"
Compiling scutimer
Running Make libs in ps7_cortexa9_0/libsrc/scuwdt_v2_1/src
make -C ps7_cortexa9_0/libsrc/scuwdt_v2_1/src -s libs  "SHELL=/bin/sh" "COMPILER=arm-none-eabi-gcc" "ARCHIVER=arm-none-eabi-ar" "COMPILER_FLAGS=  -O2 -c" "EXTRA_COMPILER_FLAGS=-mcpu=cortex-a9 -mfpu=vfpv3 -mfloat-abi=hard -nostartfiles -g -Wall -Wextra"
Compiling scuwdt
Running Make libs in ps7_cortexa9_0/libsrc/uartps_v3_7/src
make -C ps7_cortexa9_0/libsrc/uartps_v3_7/src -s libs  "SHELL=/bin/sh" "COMPILER=arm-none-eabi-gcc" "ARCHIVER=arm-none-eabi-ar" "COMPILER_FLAGS=  -O2 -c" "EXTRA_COMPILER_FLAGS=-mcpu=cortex-a9 -mfpu=vfpv3 -mfloat-abi=hard -nostartfiles -g -Wall -Wextra"
Compiling uartps
Running Make libs in ps7_cortexa9_0/libsrc/xadcps_v2_3/src
make -C ps7_cortexa9_0/libsrc/xadcps_v2_3/src -s libs  "SHELL=/bin/sh" "COMPILER=arm-none-eabi-gcc" "ARCHIVER=arm-none-eabi-ar" "COMPILER_FLAGS=  -O2 -c" "EXTRA_COMPILER_FLAGS=-mcpu=cortex-a9 -mfpu=vfpv3 -mfloat-abi=hard -nostartfiles -g -Wall -Wextra"
Compiling xadcps
Finished building libraries
13:47:47 **** Build of configuration Debug for project lab1proj ****
make pre-build main-build 
a9-linaro-pre-build-step
 
Building file: ../src/freertos_hello_world.c
Invoking: ARM v7 gcc compiler
arm-none-eabi-gcc -Wall -O0 -g3 -c -fmessage-length=0 -MT"src/freertos_hello_world.o" -mcpu=cortex-a9 -mfpu=vfpv3 -mfloat-abi=hard -I../../lab1proj_bsp/ps7_cortexa9_0/include -MMD -MP -MF"src/freertos_hello_world.d" -MT"src/freertos_hello_world.o" -o "src/freertos_hello_world.o" "../src/freertos_hello_world.c"
Finished building: ../src/freertos_hello_world.c
 
Building target: lab1proj.elf
Invoking: ARM v7 gcc linker
arm-none-eabi-gcc -mcpu=cortex-a9 -mfpu=vfpv3 -mfloat-abi=hard -Wl,-build-id=none -specs=Xilinx.spec -Wl,-T -Wl,../src/lscript.ld -L../../lab1proj_bsp/ps7_cortexa9_0/lib -o "lab1proj.elf" ./src/freertos_hello_world.o   -Wl,--start-group,-lxil,-lfreertos,-lgcc,-lc,--end-group
Finished building target: lab1proj.elf
 
Invoking: ARM v7 Print Size
arm-none-eabi-size lab1proj.elf  |tee "lab1proj.elf.size"
   text	   data	    bss	    dec	    hex	filename
  77708	   3388	  89424	 170520	  29a18	lab1proj.elf
Finished building: lab1proj.elf.size
 
13:48:11 **** Incremental Build of configuration Debug for project lab1proj ****
make pre-build main-build 
a9-linaro-pre-build-step
 
make: Nothing to be done for 'main-build'.
13:49:15 **** Auto Build of configuration Debug for project lab1proj ****
make pre-build main-build 
a9-linaro-pre-build-step
 
Building file: ../src/freertos_hello_world.c
Invoking: ARM v7 gcc compiler
arm-none-eabi-gcc -Wall -O0 -g3 -c -fmessage-length=0 -MT"src/freertos_hello_world.o" -mcpu=cortex-a9 -mfpu=vfpv3 -mfloat-abi=hard -I../../lab1proj_bsp/ps7_cortexa9_0/include -MMD -MP -MF"src/freertos_hello_world.d" -MT"src/freertos_hello_world.o" -o "src/freertos_hello_world.o" "../src/freertos_hello_world.c"
../src/freertos_hello_world.c:39:10: fatal error: pmodkypd.h: No such file or directory
 #include "pmodkypd.h" //PMOD keypad driver provided by digilent
          ^~~~~~~~~~~~
compilation terminated.
make: *** [src/subdir.mk:23: src/freertos_hello_world.o] Error 1
13:50:40 **** Auto Build of configuration Debug for project lab1proj ****
make pre-build main-build 
a9-linaro-pre-build-step
 
Building file: ../src/freertos_hello_world.c
Invoking: ARM v7 gcc compiler
arm-none-eabi-gcc -Wall -O0 -g3 -c -fmessage-length=0 -MT"src/freertos_hello_world.o" -mcpu=cortex-a9 -mfpu=vfpv3 -mfloat-abi=hard -I../../lab1proj_bsp/ps7_cortexa9_0/include -MMD -MP -MF"src/freertos_hello_world.d" -MT"src/freertos_hello_world.o" -o "src/freertos_hello_world.o" "../src/freertos_hello_world.c"
../src/freertos_hello_world.c: In function 'prvTxTask':
../src/freertos_hello_world.c:143:36: warning: variable 'previous_key' set but not used [-Wunused-but-set-variable]
     u8 new_key, current_key = 'x', previous_key = 'x';
                                    ^~~~~~~~~~~~
../src/freertos_hello_world.c: In function 'SSD_decode':
../src/freertos_hello_world.c:99:1: warning: control reaches end of non-void function [-Wreturn-type]
 }
 ^
Finished building: ../src/freertos_hello_world.c
 
Building file: ../src/pmodkypd.c
Invoking: ARM v7 gcc compiler
arm-none-eabi-gcc -Wall -O0 -g3 -c -fmessage-length=0 -MT"src/pmodkypd.o" -mcpu=cortex-a9 -mfpu=vfpv3 -mfloat-abi=hard -I../../lab1proj_bsp/ps7_cortexa9_0/include -MMD -MP -MF"src/pmodkypd.d" -MT"src/pmodkypd.o" -o "src/pmodkypd.o" "../src/pmodkypd.c"
Finished building: ../src/pmodkypd.c
 
Building target: lab1proj.elf
Invoking: ARM v7 gcc linker
arm-none-eabi-gcc -mcpu=cortex-a9 -mfpu=vfpv3 -mfloat-abi=hard -Wl,-build-id=none -specs=Xilinx.spec -Wl,-T -Wl,../src/lscript.ld -L../../lab1proj_bsp/ps7_cortexa9_0/lib -o "lab1proj.elf" ./src/freertos_hello_world.o ./src/pmodkypd.o   -Wl,--start-group,-lxil,-lfreertos,-lgcc,-lc,--end-group
/home/macmala/tools/Xilinx/SDK/2019.1/gnu/aarch32/lin/gcc-arm-none-eabi/bin/../lib/gcc/arm-none-eabi/8.2.0/../../../../arm-none-eabi/bin/ld: ./src/freertos_hello_world.o: in function `DemoInitialize':
/home/macmala/Documents/Courses/ECE315/labs/lab1/kypd_ssd_gpio-20220129T172209Z-001/kypd_ssd_gpio/kypd_ssd_gpio.sdk/lab1proj/Debug/../src/freertos_hello_world.c:72: undefined reference to `KYPD_begin'
/home/macmala/tools/Xilinx/SDK/2019.1/gnu/aarch32/lin/gcc-arm-none-eabi/bin/../lib/gcc/arm-none-eabi/8.2.0/../../../../arm-none-eabi/bin/ld: /home/macmala/Documents/Courses/ECE315/labs/lab1/kypd_ssd_gpio-20220129T172209Z-001/kypd_ssd_gpio/kypd_ssd_gpio.sdk/lab1proj/Debug/../src/freertos_hello_world.c:73: undefined reference to `KYPD_loadKeyTable'
/home/macmala/tools/Xilinx/SDK/2019.1/gnu/aarch32/lin/gcc-arm-none-eabi/bin/../lib/gcc/arm-none-eabi/8.2.0/../../../../arm-none-eabi/bin/ld: ./src/freertos_hello_world.o: in function `prvTxTask':
/home/macmala/Documents/Courses/ECE315/labs/lab1/kypd_ssd_gpio-20220129T172209Z-001/kypd_ssd_gpio/kypd_ssd_gpio.sdk/lab1proj/Debug/../src/freertos_hello_world.c:153: undefined reference to `KYPD_getKeyStates'
/home/macmala/tools/Xilinx/SDK/2019.1/gnu/aarch32/lin/gcc-arm-none-eabi/bin/../lib/gcc/arm-none-eabi/8.2.0/../../../../arm-none-eabi/bin/ld: /home/macmala/Documents/Courses/ECE315/labs/lab1/kypd_ssd_gpio-20220129T172209Z-001/kypd_ssd_gpio/kypd_ssd_gpio.sdk/lab1proj/Debug/../src/freertos_hello_world.c:157: undefined reference to `KYPD_getKeyPressed'
collect2: error: ld returned 1 exit status
make: *** [makefile:41: lab1proj.elf] Error 1
13:50:54 **** Auto Build of configuration Debug for project lab1proj ****
make pre-build main-build 
a9-linaro-pre-build-step
 
Building file: ../src/pmodkypd.c
Invoking: ARM v7 gcc compiler
arm-none-eabi-gcc -Wall -O0 -g3 -c -fmessage-length=0 -MT"src/pmodkypd.o" -mcpu=cortex-a9 -mfpu=vfpv3 -mfloat-abi=hard -I../../lab1proj_bsp/ps7_cortexa9_0/include -MMD -MP -MF"src/pmodkypd.d" -MT"src/pmodkypd.o" -o "src/pmodkypd.o" "../src/pmodkypd.c"
Finished building: ../src/pmodkypd.c
 
Building target: lab1proj.elf
Invoking: ARM v7 gcc linker
arm-none-eabi-gcc -mcpu=cortex-a9 -mfpu=vfpv3 -mfloat-abi=hard -Wl,-build-id=none -specs=Xilinx.spec -Wl,-T -Wl,../src/lscript.ld -L../../lab1proj_bsp/ps7_cortexa9_0/lib -o "lab1proj.elf" ./src/freertos_hello_world.o ./src/pmodkypd.o   -Wl,--start-group,-lxil,-lfreertos,-lgcc,-lc,--end-group
Finished building target: lab1proj.elf
 
Invoking: ARM v7 Print Size
arm-none-eabi-size lab1proj.elf  |tee "lab1proj.elf.size"
   text	   data	    bss	    dec	    hex	filename
  80452	   3448	  89456	 173356	  2a52c	lab1proj.elf
Finished building: lab1proj.elf.size
 
13:50:58 **** Auto Build of configuration Debug for project lab1proj ****
make pre-build main-build 
a9-linaro-pre-build-step
 
Building file: ../src/pmodkypd.c
Invoking: ARM v7 gcc compiler
arm-none-eabi-gcc -Wall -O0 -g3 -c -fmessage-length=0 -MT"src/pmodkypd.o" -mcpu=cortex-a9 -mfpu=vfpv3 -mfloat-abi=hard -I../../lab1proj_bsp/ps7_cortexa9_0/include -MMD -MP -MF"src/pmodkypd.d" -MT"src/pmodkypd.o" -o "src/pmodkypd.o" "../src/pmodkypd.c"
Finished building: ../src/pmodkypd.c
 
Building target: lab1proj.elf
Invoking: ARM v7 gcc linker
arm-none-eabi-gcc -mcpu=cortex-a9 -mfpu=vfpv3 -mfloat-abi=hard -Wl,-build-id=none -specs=Xilinx.spec -Wl,-T -Wl,../src/lscript.ld -L../../lab1proj_bsp/ps7_cortexa9_0/lib -o "lab1proj.elf" ./src/freertos_hello_world.o ./src/pmodkypd.o   -Wl,--start-group,-lxil,-lfreertos,-lgcc,-lc,--end-group
Finished building target: lab1proj.elf
 
Invoking: ARM v7 Print Size
arm-none-eabi-size lab1proj.elf  |tee "lab1proj.elf.size"
   text	   data	    bss	    dec	    hex	filename
  80452	   3448	  89456	 173356	  2a52c	lab1proj.elf
Finished building: lab1proj.elf.size
 
13:51:29 **** Incremental Build of configuration Debug for project lab1proj ****
make pre-build main-build 
a9-linaro-pre-build-step
 
make: Nothing to be done for 'main-build'.
13:57:42 **** Incremental Build of configuration Debug for project lab1proj ****
make pre-build main-build 
a9-linaro-pre-build-step
 
make: Nothing to be done for 'main-build'.
14:03:06 **** Auto Build of configuration Debug for project lab1proj ****
make pre-build main-build 
a9-linaro-pre-build-step
 
Building file: ../src/freertos_hello_world.c
Invoking: ARM v7 gcc compiler
arm-none-eabi-gcc -Wall -O0 -g3 -c -fmessage-length=0 -MT"src/freertos_hello_world.o" -mcpu=cortex-a9 -mfpu=vfpv3 -mfloat-abi=hard -I../../lab1proj_bsp/ps7_cortexa9_0/include -MMD -MP -MF"src/freertos_hello_world.d" -MT"src/freertos_hello_world.o" -o "src/freertos_hello_world.o" "../src/freertos_hello_world.c"
../src/freertos_hello_world.c: In function 'prvTxTask':
../src/freertos_hello_world.c:143:36: warning: variable 'previous_key' set but not used [-Wunused-but-set-variable]
     u8 new_key, current_key = 'x', previous_key = 'x';
                                    ^~~~~~~~~~~~
../src/freertos_hello_world.c: In function 'SSD_decode':
../src/freertos_hello_world.c:99:1: warning: control reaches end of non-void function [-Wreturn-type]
 }
 ^
Finished building: ../src/freertos_hello_world.c
 
Building target: lab1proj.elf
Invoking: ARM v7 gcc linker
arm-none-eabi-gcc -mcpu=cortex-a9 -mfpu=vfpv3 -mfloat-abi=hard -Wl,-build-id=none -specs=Xilinx.spec -Wl,-T -Wl,../src/lscript.ld -L../../lab1proj_bsp/ps7_cortexa9_0/lib -o "lab1proj.elf" ./src/freertos_hello_world.o ./src/pmodkypd.o   -Wl,--start-group,-lxil,-lfreertos,-lgcc,-lc,--end-group
Finished building target: lab1proj.elf
 
Invoking: ARM v7 Print Size
arm-none-eabi-size lab1proj.elf  |tee "lab1proj.elf.size"
   text	   data	    bss	    dec	    hex	filename
  80516	   3448	  89456	 173420	  2a56c	lab1proj.elf
Finished building: lab1proj.elf.size
 
14:03:10 **** Incremental Build of configuration Debug for project lab1proj ****
make pre-build main-build 
a9-linaro-pre-build-step
 
make: Nothing to be done for 'main-build'.
14:05:53 **** Auto Build of configuration Debug for project lab1proj ****
make pre-build main-build 
a9-linaro-pre-build-step
 
Building file: ../src/freertos_hello_world.c
Invoking: ARM v7 gcc compiler
arm-none-eabi-gcc -Wall -O0 -g3 -c -fmessage-length=0 -MT"src/freertos_hello_world.o" -mcpu=cortex-a9 -mfpu=vfpv3 -mfloat-abi=hard -I../../lab1proj_bsp/ps7_cortexa9_0/include -MMD -MP -MF"src/freertos_hello_world.d" -MT"src/freertos_hello_world.o" -o "src/freertos_hello_world.o" "../src/freertos_hello_world.c"
../src/freertos_hello_world.c: In function 'prvTxTask':
../src/freertos_hello_world.c:143:36: warning: variable 'previous_key' set but not used [-Wunused-but-set-variable]
     u8 new_key, current_key = 'x', previous_key = 'x';
                                    ^~~~~~~~~~~~
../src/freertos_hello_world.c: In function 'SSD_decode':
../src/freertos_hello_world.c:99:1: warning: control reaches end of non-void function [-Wreturn-type]
 }
 ^
Finished building: ../src/freertos_hello_world.c
 
Building target: lab1proj.elf
Invoking: ARM v7 gcc linker
arm-none-eabi-gcc -mcpu=cortex-a9 -mfpu=vfpv3 -mfloat-abi=hard -Wl,-build-id=none -specs=Xilinx.spec -Wl,-T -Wl,../src/lscript.ld -L../../lab1proj_bsp/ps7_cortexa9_0/lib -o "lab1proj.elf" ./src/freertos_hello_world.o ./src/pmodkypd.o   -Wl,--start-group,-lxil,-lfreertos,-lgcc,-lc,--end-group
Finished building target: lab1proj.elf
 
Invoking: ARM v7 Print Size
arm-none-eabi-size lab1proj.elf  |tee "lab1proj.elf.size"
   text	   data	    bss	    dec	    hex	filename
  80580	   3448	  89456	 173484	  2a5ac	lab1proj.elf
Finished building: lab1proj.elf.size
 
14:06:16 **** Auto Build of configuration Debug for project lab1proj ****
make pre-build main-build 
a9-linaro-pre-build-step
 
Building file: ../src/freertos_hello_world.c
Invoking: ARM v7 gcc compiler
arm-none-eabi-gcc -Wall -O0 -g3 -c -fmessage-length=0 -MT"src/freertos_hello_world.o" -mcpu=cortex-a9 -mfpu=vfpv3 -mfloat-abi=hard -I../../lab1proj_bsp/ps7_cortexa9_0/include -MMD -MP -MF"src/freertos_hello_world.d" -MT"src/freertos_hello_world.o" -o "src/freertos_hello_world.o" "../src/freertos_hello_world.c"
../src/freertos_hello_world.c: In function 'prvTxTask':
../src/freertos_hello_world.c:143:36: warning: variable 'previous_key' set but not used [-Wunused-but-set-variable]
     u8 new_key, current_key = 'x', previous_key = 'x';
                                    ^~~~~~~~~~~~
../src/freertos_hello_world.c: In function 'SSD_decode':
../src/freertos_hello_world.c:99:1: warning: control reaches end of non-void function [-Wreturn-type]
 }
 ^
Finished building: ../src/freertos_hello_world.c
 
Building target: lab1proj.elf
Invoking: ARM v7 gcc linker
arm-none-eabi-gcc -mcpu=cortex-a9 -mfpu=vfpv3 -mfloat-abi=hard -Wl,-build-id=none -specs=Xilinx.spec -Wl,-T -Wl,../src/lscript.ld -L../../lab1proj_bsp/ps7_cortexa9_0/lib -o "lab1proj.elf" ./src/freertos_hello_world.o ./src/pmodkypd.o   -Wl,--start-group,-lxil,-lfreertos,-lgcc,-lc,--end-group
Finished building target: lab1proj.elf
 
Invoking: ARM v7 Print Size
arm-none-eabi-size lab1proj.elf  |tee "lab1proj.elf.size"
   text	   data	    bss	    dec	    hex	filename
  80580	   3448	  89456	 173484	  2a5ac	lab1proj.elf
Finished building: lab1proj.elf.size
 
14:06:29 **** Auto Build of configuration Debug for project lab1proj ****
make pre-build main-build 
a9-linaro-pre-build-step
 
Building file: ../src/freertos_hello_world.c
Invoking: ARM v7 gcc compiler
arm-none-eabi-gcc -Wall -O0 -g3 -c -fmessage-length=0 -MT"src/freertos_hello_world.o" -mcpu=cortex-a9 -mfpu=vfpv3 -mfloat-abi=hard -I../../lab1proj_bsp/ps7_cortexa9_0/include -MMD -MP -MF"src/freertos_hello_world.d" -MT"src/freertos_hello_world.o" -o "src/freertos_hello_world.o" "../src/freertos_hello_world.c"
../src/freertos_hello_world.c: In function 'SSD_decode':
../src/freertos_hello_world.c:99:1: warning: control reaches end of non-void function [-Wreturn-type]
 }
 ^
Finished building: ../src/freertos_hello_world.c
 
Building target: lab1proj.elf
Invoking: ARM v7 gcc linker
arm-none-eabi-gcc -mcpu=cortex-a9 -mfpu=vfpv3 -mfloat-abi=hard -Wl,-build-id=none -specs=Xilinx.spec -Wl,-T -Wl,../src/lscript.ld -L../../lab1proj_bsp/ps7_cortexa9_0/lib -o "lab1proj.elf" ./src/freertos_hello_world.o ./src/pmodkypd.o   -Wl,--start-group,-lxil,-lfreertos,-lgcc,-lc,--end-group
Finished building target: lab1proj.elf
 
Invoking: ARM v7 Print Size
arm-none-eabi-size lab1proj.elf  |tee "lab1proj.elf.size"
   text	   data	    bss	    dec	    hex	filename
  80580	   3448	  89456	 173484	  2a5ac	lab1proj.elf
Finished building: lab1proj.elf.size
 
14:06:59 **** Incremental Build of configuration Debug for project lab1proj ****
make pre-build main-build 
a9-linaro-pre-build-step
 
make: Nothing to be done for 'main-build'.
14:08:18 **** Auto Build of configuration Debug for project lab1proj ****
make pre-build main-build 
a9-linaro-pre-build-step
 
Building file: ../src/freertos_hello_world.c
Invoking: ARM v7 gcc compiler
arm-none-eabi-gcc -Wall -O0 -g3 -c -fmessage-length=0 -MT"src/freertos_hello_world.o" -mcpu=cortex-a9 -mfpu=vfpv3 -mfloat-abi=hard -I../../lab1proj_bsp/ps7_cortexa9_0/include -MMD -MP -MF"src/freertos_hello_world.d" -MT"src/freertos_hello_world.o" -o "src/freertos_hello_world.o" "../src/freertos_hello_world.c"
../src/freertos_hello_world.c: In function 'SSD_decode':
../src/freertos_hello_world.c:99:1: warning: control reaches end of non-void function [-Wreturn-type]
 }
 ^
Finished building: ../src/freertos_hello_world.c
 
Building target: lab1proj.elf
Invoking: ARM v7 gcc linker
arm-none-eabi-gcc -mcpu=cortex-a9 -mfpu=vfpv3 -mfloat-abi=hard -Wl,-build-id=none -specs=Xilinx.spec -Wl,-T -Wl,../src/lscript.ld -L../../lab1proj_bsp/ps7_cortexa9_0/lib -o "lab1proj.elf" ./src/freertos_hello_world.o ./src/pmodkypd.o   -Wl,--start-group,-lxil,-lfreertos,-lgcc,-lc,--end-group
Finished building target: lab1proj.elf
 
Invoking: ARM v7 Print Size
arm-none-eabi-size lab1proj.elf  |tee "lab1proj.elf.size"
   text	   data	    bss	    dec	    hex	filename
  80580	   3448	  89456	 173484	  2a5ac	lab1proj.elf
Finished building: lab1proj.elf.size
 
14:08:20 **** Incremental Build of configuration Debug for project lab1proj ****
make pre-build main-build 
a9-linaro-pre-build-step
 
make: Nothing to be done for 'main-build'.
14:08:59 **** Incremental Build of configuration Debug for project lab1proj ****
make pre-build main-build 
a9-linaro-pre-build-step
 
make: Nothing to be done for 'main-build'.
14:09:10 **** Auto Build of configuration Debug for project lab1proj ****
make pre-build main-build 
a9-linaro-pre-build-step
 
Building file: ../src/freertos_hello_world.c
Invoking: ARM v7 gcc compiler
arm-none-eabi-gcc -Wall -O0 -g3 -c -fmessage-length=0 -MT"src/freertos_hello_world.o" -mcpu=cortex-a9 -mfpu=vfpv3 -mfloat-abi=hard -I../../lab1proj_bsp/ps7_cortexa9_0/include -MMD -MP -MF"src/freertos_hello_world.d" -MT"src/freertos_hello_world.o" -o "src/freertos_hello_world.o" "../src/freertos_hello_world.c"
../src/freertos_hello_world.c: In function 'SSD_decode':
../src/freertos_hello_world.c:99:1: warning: control reaches end of non-void function [-Wreturn-type]
 }
 ^
Finished building: ../src/freertos_hello_world.c
 
Building target: lab1proj.elf
Invoking: ARM v7 gcc linker
arm-none-eabi-gcc -mcpu=cortex-a9 -mfpu=vfpv3 -mfloat-abi=hard -Wl,-build-id=none -specs=Xilinx.spec -Wl,-T -Wl,../src/lscript.ld -L../../lab1proj_bsp/ps7_cortexa9_0/lib -o "lab1proj.elf" ./src/freertos_hello_world.o ./src/pmodkypd.o   -Wl,--start-group,-lxil,-lfreertos,-lgcc,-lc,--end-group
Finished building target: lab1proj.elf
 
Invoking: ARM v7 Print Size
arm-none-eabi-size lab1proj.elf  |tee "lab1proj.elf.size"
   text	   data	    bss	    dec	    hex	filename
  80580	   3448	  89456	 173484	  2a5ac	lab1proj.elf
Finished building: lab1proj.elf.size
 
14:09:12 **** Auto Build of configuration Debug for project lab1proj ****
make pre-build main-build 
a9-linaro-pre-build-step
 
Building file: ../src/freertos_hello_world.c
Invoking: ARM v7 gcc compiler
arm-none-eabi-gcc -Wall -O0 -g3 -c -fmessage-length=0 -MT"src/freertos_hello_world.o" -mcpu=cortex-a9 -mfpu=vfpv3 -mfloat-abi=hard -I../../lab1proj_bsp/ps7_cortexa9_0/include -MMD -MP -MF"src/freertos_hello_world.d" -MT"src/freertos_hello_world.o" -o "src/freertos_hello_world.o" "../src/freertos_hello_world.c"
../src/freertos_hello_world.c: In function 'SSD_decode':
../src/freertos_hello_world.c:99:1: warning: control reaches end of non-void function [-Wreturn-type]
 }
 ^
Finished building: ../src/freertos_hello_world.c
 
Building target: lab1proj.elf
Invoking: ARM v7 gcc linker
arm-none-eabi-gcc -mcpu=cortex-a9 -mfpu=vfpv3 -mfloat-abi=hard -Wl,-build-id=none -specs=Xilinx.spec -Wl,-T -Wl,../src/lscript.ld -L../../lab1proj_bsp/ps7_cortexa9_0/lib -o "lab1proj.elf" ./src/freertos_hello_world.o ./src/pmodkypd.o   -Wl,--start-group,-lxil,-lfreertos,-lgcc,-lc,--end-group
Finished building target: lab1proj.elf
 
Invoking: ARM v7 Print Size
arm-none-eabi-size lab1proj.elf  |tee "lab1proj.elf.size"
   text	   data	    bss	    dec	    hex	filename
  80580	   3448	  89456	 173484	  2a5ac	lab1proj.elf
Finished building: lab1proj.elf.size
 
14:09:14 **** Incremental Build of configuration Debug for project lab1proj ****
make pre-build main-build 
a9-linaro-pre-build-step
 
make: Nothing to be done for 'main-build'.
14:09:54 **** Auto Build of configuration Debug for project lab1proj ****
make pre-build main-build 
a9-linaro-pre-build-step
 
Building file: ../src/freertos_hello_world.c
Invoking: ARM v7 gcc compiler
arm-none-eabi-gcc -Wall -O0 -g3 -c -fmessage-length=0 -MT"src/freertos_hello_world.o" -mcpu=cortex-a9 -mfpu=vfpv3 -mfloat-abi=hard -I../../lab1proj_bsp/ps7_cortexa9_0/include -MMD -MP -MF"src/freertos_hello_world.d" -MT"src/freertos_hello_world.o" -o "src/freertos_hello_world.o" "../src/freertos_hello_world.c"
../src/freertos_hello_world.c: In function 'SSD_decode':
../src/freertos_hello_world.c:99:1: warning: control reaches end of non-void function [-Wreturn-type]
 }
 ^
Finished building: ../src/freertos_hello_world.c
 
Building target: lab1proj.elf
Invoking: ARM v7 gcc linker
arm-none-eabi-gcc -mcpu=cortex-a9 -mfpu=vfpv3 -mfloat-abi=hard -Wl,-build-id=none -specs=Xilinx.spec -Wl,-T -Wl,../src/lscript.ld -L../../lab1proj_bsp/ps7_cortexa9_0/lib -o "lab1proj.elf" ./src/freertos_hello_world.o ./src/pmodkypd.o   -Wl,--start-group,-lxil,-lfreertos,-lgcc,-lc,--end-group
Finished building target: lab1proj.elf
 
Invoking: ARM v7 Print Size
arm-none-eabi-size lab1proj.elf  |tee "lab1proj.elf.size"
   text	   data	    bss	    dec	    hex	filename
  80580	   3448	  89456	 173484	  2a5ac	lab1proj.elf
Finished building: lab1proj.elf.size
 
14:09:56 **** Incremental Build of configuration Debug for project lab1proj ****
make pre-build main-build 
a9-linaro-pre-build-step
 
make: Nothing to be done for 'main-build'.
14:14:15 **** Auto Build of configuration Debug for project lab1proj ****
make pre-build main-build 
a9-linaro-pre-build-step
 
Building file: ../src/freertos_hello_world.c
Invoking: ARM v7 gcc compiler
arm-none-eabi-gcc -Wall -O0 -g3 -c -fmessage-length=0 -MT"src/freertos_hello_world.o" -mcpu=cortex-a9 -mfpu=vfpv3 -mfloat-abi=hard -I../../lab1proj_bsp/ps7_cortexa9_0/include -MMD -MP -MF"src/freertos_hello_world.d" -MT"src/freertos_hello_world.o" -o "src/freertos_hello_world.o" "../src/freertos_hello_world.c"
../src/freertos_hello_world.c: In function 'SSD_decode':
../src/freertos_hello_world.c:109:1: warning: control reaches end of non-void function [-Wreturn-type]
 }
 ^
Finished building: ../src/freertos_hello_world.c
 
Building target: lab1proj.elf
Invoking: ARM v7 gcc linker
arm-none-eabi-gcc -mcpu=cortex-a9 -mfpu=vfpv3 -mfloat-abi=hard -Wl,-build-id=none -specs=Xilinx.spec -Wl,-T -Wl,../src/lscript.ld -L../../lab1proj_bsp/ps7_cortexa9_0/lib -o "lab1proj.elf" ./src/freertos_hello_world.o ./src/pmodkypd.o   -Wl,--start-group,-lxil,-lfreertos,-lgcc,-lc,--end-group
Finished building target: lab1proj.elf
 
Invoking: ARM v7 Print Size
arm-none-eabi-size lab1proj.elf  |tee "lab1proj.elf.size"
   text	   data	    bss	    dec	    hex	filename
  80900	   3448	  89456	 173804	  2a6ec	lab1proj.elf
Finished building: lab1proj.elf.size
 
14:15:23 **** Auto Build of configuration Debug for project lab1proj ****
make pre-build main-build 
a9-linaro-pre-build-step
 
Building file: ../src/freertos_hello_world.c
Invoking: ARM v7 gcc compiler
arm-none-eabi-gcc -Wall -O0 -g3 -c -fmessage-length=0 -MT"src/freertos_hello_world.o" -mcpu=cortex-a9 -mfpu=vfpv3 -mfloat-abi=hard -I../../lab1proj_bsp/ps7_cortexa9_0/include -MMD -MP -MF"src/freertos_hello_world.d" -MT"src/freertos_hello_world.o" -o "src/freertos_hello_world.o" "../src/freertos_hello_world.c"
../src/freertos_hello_world.c: In function 'SSD_decode':
../src/freertos_hello_world.c:109:1: warning: control reaches end of non-void function [-Wreturn-type]
 }
 ^
Finished building: ../src/freertos_hello_world.c
 
Building target: lab1proj.elf
Invoking: ARM v7 gcc linker
arm-none-eabi-gcc -mcpu=cortex-a9 -mfpu=vfpv3 -mfloat-abi=hard -Wl,-build-id=none -specs=Xilinx.spec -Wl,-T -Wl,../src/lscript.ld -L../../lab1proj_bsp/ps7_cortexa9_0/lib -o "lab1proj.elf" ./src/freertos_hello_world.o ./src/pmodkypd.o   -Wl,--start-group,-lxil,-lfreertos,-lgcc,-lc,--end-group
Finished building target: lab1proj.elf
 
Invoking: ARM v7 Print Size
arm-none-eabi-size lab1proj.elf  |tee "lab1proj.elf.size"
   text	   data	    bss	    dec	    hex	filename
  80900	   3448	  89456	 173804	  2a6ec	lab1proj.elf
Finished building: lab1proj.elf.size
 
14:15:28 **** Incremental Build of configuration Debug for project lab1proj ****
make pre-build main-build 
a9-linaro-pre-build-step
 
make: Nothing to be done for 'main-build'.
14:16:51 **** Auto Build of configuration Debug for project lab1proj ****
make pre-build main-build 
a9-linaro-pre-build-step
 
Building file: ../src/freertos_hello_world.c
Invoking: ARM v7 gcc compiler
arm-none-eabi-gcc -Wall -O0 -g3 -c -fmessage-length=0 -MT"src/freertos_hello_world.o" -mcpu=cortex-a9 -mfpu=vfpv3 -mfloat-abi=hard -I../../lab1proj_bsp/ps7_cortexa9_0/include -MMD -MP -MF"src/freertos_hello_world.d" -MT"src/freertos_hello_world.o" -o "src/freertos_hello_world.o" "../src/freertos_hello_world.c"
../src/freertos_hello_world.c: In function 'SSD_decode':
../src/freertos_hello_world.c:109:1: warning: control reaches end of non-void function [-Wreturn-type]
 }
 ^
Finished building: ../src/freertos_hello_world.c
 
Building target: lab1proj.elf
Invoking: ARM v7 gcc linker
arm-none-eabi-gcc -mcpu=cortex-a9 -mfpu=vfpv3 -mfloat-abi=hard -Wl,-build-id=none -specs=Xilinx.spec -Wl,-T -Wl,../src/lscript.ld -L../../lab1proj_bsp/ps7_cortexa9_0/lib -o "lab1proj.elf" ./src/freertos_hello_world.o ./src/pmodkypd.o   -Wl,--start-group,-lxil,-lfreertos,-lgcc,-lc,--end-group
Finished building target: lab1proj.elf
 
Invoking: ARM v7 Print Size
arm-none-eabi-size lab1proj.elf  |tee "lab1proj.elf.size"
   text	   data	    bss	    dec	    hex	filename
  80900	   3448	  89456	 173804	  2a6ec	lab1proj.elf
Finished building: lab1proj.elf.size
 
14:16:52 **** Incremental Build of configuration Debug for project lab1proj ****
make pre-build main-build 
a9-linaro-pre-build-step
 
make: Nothing to be done for 'main-build'.
14:17:29 **** Auto Build of configuration Debug for project lab1proj ****
make pre-build main-build 
a9-linaro-pre-build-step
 
Building file: ../src/freertos_hello_world.c
Invoking: ARM v7 gcc compiler
arm-none-eabi-gcc -Wall -O0 -g3 -c -fmessage-length=0 -MT"src/freertos_hello_world.o" -mcpu=cortex-a9 -mfpu=vfpv3 -mfloat-abi=hard -I../../lab1proj_bsp/ps7_cortexa9_0/include -MMD -MP -MF"src/freertos_hello_world.d" -MT"src/freertos_hello_world.o" -o "src/freertos_hello_world.o" "../src/freertos_hello_world.c"
../src/freertos_hello_world.c: In function 'SSD_decode':
../src/freertos_hello_world.c:109:1: warning: control reaches end of non-void function [-Wreturn-type]
 }
 ^
Finished building: ../src/freertos_hello_world.c
 
Building target: lab1proj.elf
Invoking: ARM v7 gcc linker
arm-none-eabi-gcc -mcpu=cortex-a9 -mfpu=vfpv3 -mfloat-abi=hard -Wl,-build-id=none -specs=Xilinx.spec -Wl,-T -Wl,../src/lscript.ld -L../../lab1proj_bsp/ps7_cortexa9_0/lib -o "lab1proj.elf" ./src/freertos_hello_world.o ./src/pmodkypd.o   -Wl,--start-group,-lxil,-lfreertos,-lgcc,-lc,--end-group
Finished building target: lab1proj.elf
 
Invoking: ARM v7 Print Size
arm-none-eabi-size lab1proj.elf  |tee "lab1proj.elf.size"
   text	   data	    bss	    dec	    hex	filename
  80900	   3448	  89456	 173804	  2a6ec	lab1proj.elf
Finished building: lab1proj.elf.size
 
14:17:33 **** Incremental Build of configuration Debug for project lab1proj ****
make pre-build main-build 
a9-linaro-pre-build-step
 
make: Nothing to be done for 'main-build'.
14:18:38 **** Auto Build of configuration Debug for project lab1proj ****
make pre-build main-build 
a9-linaro-pre-build-step
 
Building file: ../src/freertos_hello_world.c
Invoking: ARM v7 gcc compiler
arm-none-eabi-gcc -Wall -O0 -g3 -c -fmessage-length=0 -MT"src/freertos_hello_world.o" -mcpu=cortex-a9 -mfpu=vfpv3 -mfloat-abi=hard -I../../lab1proj_bsp/ps7_cortexa9_0/include -MMD -MP -MF"src/freertos_hello_world.d" -MT"src/freertos_hello_world.o" -o "src/freertos_hello_world.o" "../src/freertos_hello_world.c"
Finished building: ../src/freertos_hello_world.c
 
Building target: lab1proj.elf
Invoking: ARM v7 gcc linker
arm-none-eabi-gcc -mcpu=cortex-a9 -mfpu=vfpv3 -mfloat-abi=hard -Wl,-build-id=none -specs=Xilinx.spec -Wl,-T -Wl,../src/lscript.ld -L../../lab1proj_bsp/ps7_cortexa9_0/lib -o "lab1proj.elf" ./src/freertos_hello_world.o ./src/pmodkypd.o   -Wl,--start-group,-lxil,-lfreertos,-lgcc,-lc,--end-group
Finished building target: lab1proj.elf
 
Invoking: ARM v7 Print Size
arm-none-eabi-size lab1proj.elf  |tee "lab1proj.elf.size"
   text	   data	    bss	    dec	    hex	filename
  80900	   3448	  89456	 173804	  2a6ec	lab1proj.elf
Finished building: lab1proj.elf.size
 
14:18:40 **** Incremental Build of configuration Debug for project lab1proj ****
make pre-build main-build 
a9-linaro-pre-build-step
 
make: Nothing to be done for 'main-build'.
14:20:12 **** Auto Build of configuration Debug for project lab1proj ****
make pre-build main-build 
a9-linaro-pre-build-step
 
Building file: ../src/freertos_hello_world.c
Invoking: ARM v7 gcc compiler
arm-none-eabi-gcc -Wall -O0 -g3 -c -fmessage-length=0 -MT"src/freertos_hello_world.o" -mcpu=cortex-a9 -mfpu=vfpv3 -mfloat-abi=hard -I../../lab1proj_bsp/ps7_cortexa9_0/include -MMD -MP -MF"src/freertos_hello_world.d" -MT"src/freertos_hello_world.o" -o "src/freertos_hello_world.o" "../src/freertos_hello_world.c"
Finished building: ../src/freertos_hello_world.c
 
Building target: lab1proj.elf
Invoking: ARM v7 gcc linker
arm-none-eabi-gcc -mcpu=cortex-a9 -mfpu=vfpv3 -mfloat-abi=hard -Wl,-build-id=none -specs=Xilinx.spec -Wl,-T -Wl,../src/lscript.ld -L../../lab1proj_bsp/ps7_cortexa9_0/lib -o "lab1proj.elf" ./src/freertos_hello_world.o ./src/pmodkypd.o   -Wl,--start-group,-lxil,-lfreertos,-lgcc,-lc,--end-group
Finished building target: lab1proj.elf
 
Invoking: ARM v7 Print Size
arm-none-eabi-size lab1proj.elf  |tee "lab1proj.elf.size"
   text	   data	    bss	    dec	    hex	filename
  80900	   3448	  89456	 173804	  2a6ec	lab1proj.elf
Finished building: lab1proj.elf.size
 
14:20:13 **** Incremental Build of configuration Debug for project lab1proj ****
make pre-build main-build 
a9-linaro-pre-build-step
 
make: Nothing to be done for 'main-build'.
14:20:51 **** Auto Build of configuration Debug for project lab1proj ****
make pre-build main-build 
a9-linaro-pre-build-step
 
Building file: ../src/freertos_hello_world.c
Invoking: ARM v7 gcc compiler
arm-none-eabi-gcc -Wall -O0 -g3 -c -fmessage-length=0 -MT"src/freertos_hello_world.o" -mcpu=cortex-a9 -mfpu=vfpv3 -mfloat-abi=hard -I../../lab1proj_bsp/ps7_cortexa9_0/include -MMD -MP -MF"src/freertos_hello_world.d" -MT"src/freertos_hello_world.o" -o "src/freertos_hello_world.o" "../src/freertos_hello_world.c"
Finished building: ../src/freertos_hello_world.c
 
Building target: lab1proj.elf
Invoking: ARM v7 gcc linker
arm-none-eabi-gcc -mcpu=cortex-a9 -mfpu=vfpv3 -mfloat-abi=hard -Wl,-build-id=none -specs=Xilinx.spec -Wl,-T -Wl,../src/lscript.ld -L../../lab1proj_bsp/ps7_cortexa9_0/lib -o "lab1proj.elf" ./src/freertos_hello_world.o ./src/pmodkypd.o   -Wl,--start-group,-lxil,-lfreertos,-lgcc,-lc,--end-group
Finished building target: lab1proj.elf
 
Invoking: ARM v7 Print Size
arm-none-eabi-size lab1proj.elf  |tee "lab1proj.elf.size"
   text	   data	    bss	    dec	    hex	filename
  80900	   3448	  89456	 173804	  2a6ec	lab1proj.elf
Finished building: lab1proj.elf.size
 
14:20:54 **** Incremental Build of configuration Debug for project lab1proj ****
make pre-build main-build 
a9-linaro-pre-build-step
 
make: Nothing to be done for 'main-build'.
14:21:22 **** Auto Build of configuration Debug for project lab1proj ****
make pre-build main-build 
a9-linaro-pre-build-step
 
Building file: ../src/freertos_hello_world.c
Invoking: ARM v7 gcc compiler
arm-none-eabi-gcc -Wall -O0 -g3 -c -fmessage-length=0 -MT"src/freertos_hello_world.o" -mcpu=cortex-a9 -mfpu=vfpv3 -mfloat-abi=hard -I../../lab1proj_bsp/ps7_cortexa9_0/include -MMD -MP -MF"src/freertos_hello_world.d" -MT"src/freertos_hello_world.o" -o "src/freertos_hello_world.o" "../src/freertos_hello_world.c"
Finished building: ../src/freertos_hello_world.c
 
Building target: lab1proj.elf
Invoking: ARM v7 gcc linker
arm-none-eabi-gcc -mcpu=cortex-a9 -mfpu=vfpv3 -mfloat-abi=hard -Wl,-build-id=none -specs=Xilinx.spec -Wl,-T -Wl,../src/lscript.ld -L../../lab1proj_bsp/ps7_cortexa9_0/lib -o "lab1proj.elf" ./src/freertos_hello_world.o ./src/pmodkypd.o   -Wl,--start-group,-lxil,-lfreertos,-lgcc,-lc,--end-group
Finished building target: lab1proj.elf
 
Invoking: ARM v7 Print Size
arm-none-eabi-size lab1proj.elf  |tee "lab1proj.elf.size"
   text	   data	    bss	    dec	    hex	filename
  80900	   3448	  89456	 173804	  2a6ec	lab1proj.elf
Finished building: lab1proj.elf.size
 
14:21:23 **** Incremental Build of configuration Debug for project lab1proj ****
make pre-build main-build 
a9-linaro-pre-build-step
 
make: Nothing to be done for 'main-build'.
14:22:31 **** Auto Build of configuration Debug for project lab1proj ****
make pre-build main-build 
a9-linaro-pre-build-step
 
Building file: ../src/freertos_hello_world.c
Invoking: ARM v7 gcc compiler
arm-none-eabi-gcc -Wall -O0 -g3 -c -fmessage-length=0 -MT"src/freertos_hello_world.o" -mcpu=cortex-a9 -mfpu=vfpv3 -mfloat-abi=hard -I../../lab1proj_bsp/ps7_cortexa9_0/include -MMD -MP -MF"src/freertos_hello_world.d" -MT"src/freertos_hello_world.o" -o "src/freertos_hello_world.o" "../src/freertos_hello_world.c"
Finished building: ../src/freertos_hello_world.c
 
Building target: lab1proj.elf
Invoking: ARM v7 gcc linker
arm-none-eabi-gcc -mcpu=cortex-a9 -mfpu=vfpv3 -mfloat-abi=hard -Wl,-build-id=none -specs=Xilinx.spec -Wl,-T -Wl,../src/lscript.ld -L../../lab1proj_bsp/ps7_cortexa9_0/lib -o "lab1proj.elf" ./src/freertos_hello_world.o ./src/pmodkypd.o   -Wl,--start-group,-lxil,-lfreertos,-lgcc,-lc,--end-group
Finished building target: lab1proj.elf
 
Invoking: ARM v7 Print Size
arm-none-eabi-size lab1proj.elf  |tee "lab1proj.elf.size"
   text	   data	    bss	    dec	    hex	filename
  80900	   3448	  89456	 173804	  2a6ec	lab1proj.elf
Finished building: lab1proj.elf.size
 
14:22:32 **** Incremental Build of configuration Debug for project lab1proj ****
make pre-build main-build 
a9-linaro-pre-build-step
 
make: Nothing to be done for 'main-build'.
14:24:27 **** Auto Build of configuration Debug for project lab1proj ****
make pre-build main-build 
a9-linaro-pre-build-step
 
Building file: ../src/freertos_hello_world.c
Invoking: ARM v7 gcc compiler
arm-none-eabi-gcc -Wall -O0 -g3 -c -fmessage-length=0 -MT"src/freertos_hello_world.o" -mcpu=cortex-a9 -mfpu=vfpv3 -mfloat-abi=hard -I../../lab1proj_bsp/ps7_cortexa9_0/include -MMD -MP -MF"src/freertos_hello_world.d" -MT"src/freertos_hello_world.o" -o "src/freertos_hello_world.o" "../src/freertos_hello_world.c"
Finished building: ../src/freertos_hello_world.c
 
Building target: lab1proj.elf
Invoking: ARM v7 gcc linker
arm-none-eabi-gcc -mcpu=cortex-a9 -mfpu=vfpv3 -mfloat-abi=hard -Wl,-build-id=none -specs=Xilinx.spec -Wl,-T -Wl,../src/lscript.ld -L../../lab1proj_bsp/ps7_cortexa9_0/lib -o "lab1proj.elf" ./src/freertos_hello_world.o ./src/pmodkypd.o   -Wl,--start-group,-lxil,-lfreertos,-lgcc,-lc,--end-group
Finished building target: lab1proj.elf
 
Invoking: ARM v7 Print Size
arm-none-eabi-size lab1proj.elf  |tee "lab1proj.elf.size"
   text	   data	    bss	    dec	    hex	filename
  80900	   3448	  89456	 173804	  2a6ec	lab1proj.elf
Finished building: lab1proj.elf.size
 
14:26:20 **** Auto Build of configuration Debug for project lab1proj ****
make pre-build main-build 
a9-linaro-pre-build-step
 
Building file: ../src/freertos_hello_world.c
Invoking: ARM v7 gcc compiler
arm-none-eabi-gcc -Wall -O0 -g3 -c -fmessage-length=0 -MT"src/freertos_hello_world.o" -mcpu=cortex-a9 -mfpu=vfpv3 -mfloat-abi=hard -I../../lab1proj_bsp/ps7_cortexa9_0/include -MMD -MP -MF"src/freertos_hello_world.d" -MT"src/freertos_hello_world.o" -o "src/freertos_hello_world.o" "../src/freertos_hello_world.c"
Finished building: ../src/freertos_hello_world.c
 
Building target: lab1proj.elf
Invoking: ARM v7 gcc linker
arm-none-eabi-gcc -mcpu=cortex-a9 -mfpu=vfpv3 -mfloat-abi=hard -Wl,-build-id=none -specs=Xilinx.spec -Wl,-T -Wl,../src/lscript.ld -L../../lab1proj_bsp/ps7_cortexa9_0/lib -o "lab1proj.elf" ./src/freertos_hello_world.o ./src/pmodkypd.o   -Wl,--start-group,-lxil,-lfreertos,-lgcc,-lc,--end-group
Finished building target: lab1proj.elf
 
Invoking: ARM v7 Print Size
arm-none-eabi-size lab1proj.elf  |tee "lab1proj.elf.size"
   text	   data	    bss	    dec	    hex	filename
  80900	   3448	  89456	 173804	  2a6ec	lab1proj.elf
Finished building: lab1proj.elf.size
 
14:26:22 **** Incremental Build of configuration Debug for project lab1proj ****
make pre-build main-build 
a9-linaro-pre-build-step
 
make: Nothing to be done for 'main-build'.
14:27:33 **** Auto Build of configuration Debug for project lab1proj ****
make pre-build main-build 
a9-linaro-pre-build-step
 
Building file: ../src/freertos_hello_world.c
Invoking: ARM v7 gcc compiler
arm-none-eabi-gcc -Wall -O0 -g3 -c -fmessage-length=0 -MT"src/freertos_hello_world.o" -mcpu=cortex-a9 -mfpu=vfpv3 -mfloat-abi=hard -I../../lab1proj_bsp/ps7_cortexa9_0/include -MMD -MP -MF"src/freertos_hello_world.d" -MT"src/freertos_hello_world.o" -o "src/freertos_hello_world.o" "../src/freertos_hello_world.c"
Finished building: ../src/freertos_hello_world.c
 
Building target: lab1proj.elf
Invoking: ARM v7 gcc linker
arm-none-eabi-gcc -mcpu=cortex-a9 -mfpu=vfpv3 -mfloat-abi=hard -Wl,-build-id=none -specs=Xilinx.spec -Wl,-T -Wl,../src/lscript.ld -L../../lab1proj_bsp/ps7_cortexa9_0/lib -o "lab1proj.elf" ./src/freertos_hello_world.o ./src/pmodkypd.o   -Wl,--start-group,-lxil,-lfreertos,-lgcc,-lc,--end-group
Finished building target: lab1proj.elf
 
Invoking: ARM v7 Print Size
arm-none-eabi-size lab1proj.elf  |tee "lab1proj.elf.size"
   text	   data	    bss	    dec	    hex	filename
  81092	   3448	  89456	 173996	  2a7ac	lab1proj.elf
Finished building: lab1proj.elf.size
 
14:27:36 **** Auto Build of configuration Debug for project lab1proj ****
make pre-build main-build 
a9-linaro-pre-build-step
 
Building file: ../src/freertos_hello_world.c
Invoking: ARM v7 gcc compiler
arm-none-eabi-gcc -Wall -O0 -g3 -c -fmessage-length=0 -MT"src/freertos_hello_world.o" -mcpu=cortex-a9 -mfpu=vfpv3 -mfloat-abi=hard -I../../lab1proj_bsp/ps7_cortexa9_0/include -MMD -MP -MF"src/freertos_hello_world.d" -MT"src/freertos_hello_world.o" -o "src/freertos_hello_world.o" "../src/freertos_hello_world.c"
Finished building: ../src/freertos_hello_world.c
 
Building target: lab1proj.elf
Invoking: ARM v7 gcc linker
arm-none-eabi-gcc -mcpu=cortex-a9 -mfpu=vfpv3 -mfloat-abi=hard -Wl,-build-id=none -specs=Xilinx.spec -Wl,-T -Wl,../src/lscript.ld -L../../lab1proj_bsp/ps7_cortexa9_0/lib -o "lab1proj.elf" ./src/freertos_hello_world.o ./src/pmodkypd.o   -Wl,--start-group,-lxil,-lfreertos,-lgcc,-lc,--end-group
Finished building target: lab1proj.elf
 
Invoking: ARM v7 Print Size
arm-none-eabi-size lab1proj.elf  |tee "lab1proj.elf.size"
   text	   data	    bss	    dec	    hex	filename
  80964	   3448	  89456	 173868	  2a72c	lab1proj.elf
Finished building: lab1proj.elf.size
 
14:27:37 **** Incremental Build of configuration Debug for project lab1proj ****
make pre-build main-build 
a9-linaro-pre-build-step
 
make: Nothing to be done for 'main-build'.
14:27:39 **** Incremental Build of configuration Debug for project lab1proj ****
make pre-build main-build 
a9-linaro-pre-build-step
 
make: Nothing to be done for 'main-build'.
14:27:54 **** Incremental Build of configuration Debug for project lab1proj ****
make pre-build main-build 
a9-linaro-pre-build-step
 
make: Nothing to be done for 'main-build'.
15:23:20 **** Build of configuration Debug for project lab1proj2 ****
make pre-build main-build 
a9-linaro-pre-build-step
 
Building file: ../src/freertos_hello_world.c
Invoking: ARM v7 gcc compiler
arm-none-eabi-gcc -Wall -O0 -g3 -c -fmessage-length=0 -MT"src/freertos_hello_world.o" -mcpu=cortex-a9 -mfpu=vfpv3 -mfloat-abi=hard -I../../lab1proj_bsp/ps7_cortexa9_0/include -MMD -MP -MF"src/freertos_hello_world.d" -MT"src/freertos_hello_world.o" -o "src/freertos_hello_world.o" "../src/freertos_hello_world.c"
Finished building: ../src/freertos_hello_world.c
 
Building target: lab1proj2.elf
Invoking: ARM v7 gcc linker
arm-none-eabi-gcc -mcpu=cortex-a9 -mfpu=vfpv3 -mfloat-abi=hard -Wl,-build-id=none -specs=Xilinx.spec -Wl,-T -Wl,../src/lscript.ld -L../../lab1proj_bsp/ps7_cortexa9_0/lib -o "lab1proj2.elf" ./src/freertos_hello_world.o   -Wl,--start-group,-lxil,-lfreertos,-lgcc,-lc,--end-group
Finished building target: lab1proj2.elf
 
Invoking: ARM v7 Print Size
arm-none-eabi-size lab1proj2.elf  |tee "lab1proj2.elf.size"
   text	   data	    bss	    dec	    hex	filename
  77708	   3388	  89424	 170520	  29a18	lab1proj2.elf
Finished building: lab1proj2.elf.size
 
15:24:16 **** Auto Build of configuration Debug for project lab1proj2 ****
make pre-build main-build 
a9-linaro-pre-build-step
 
Building file: ../src/pmodkypd.c
Invoking: ARM v7 gcc compiler
arm-none-eabi-gcc -Wall -O0 -g3 -c -fmessage-length=0 -MT"src/pmodkypd.o" -mcpu=cortex-a9 -mfpu=vfpv3 -mfloat-abi=hard -I../../lab1proj_bsp/ps7_cortexa9_0/include -MMD -MP -MF"src/pmodkypd.d" -MT"src/pmodkypd.o" -o "src/pmodkypd.o" "../src/pmodkypd.c"
Finished building: ../src/pmodkypd.c
 
Building target: lab1proj2.elf
Invoking: ARM v7 gcc linker
arm-none-eabi-gcc -mcpu=cortex-a9 -mfpu=vfpv3 -mfloat-abi=hard -Wl,-build-id=none -specs=Xilinx.spec -Wl,-T -Wl,../src/lscript.ld -L../../lab1proj_bsp/ps7_cortexa9_0/lib -o "lab1proj2.elf" ./src/freertos_hello_world.o ./src/pmodkypd.o   -Wl,--start-group,-lxil,-lfreertos,-lgcc,-lc,--end-group
Finished building target: lab1proj2.elf
 
Invoking: ARM v7 Print Size
arm-none-eabi-size lab1proj2.elf  |tee "lab1proj2.elf.size"
   text	   data	    bss	    dec	    hex	filename
  79244	   3388	  89424	 172056	  2a018	lab1proj2.elf
Finished building: lab1proj2.elf.size
 
15:24:36 **** Auto Build of configuration Debug for project lab1proj2 ****
make pre-build main-build 
a9-linaro-pre-build-step
 
Building file: ../src/freertos_hello_world.c
Invoking: ARM v7 gcc compiler
arm-none-eabi-gcc -Wall -O0 -g3 -c -fmessage-length=0 -MT"src/freertos_hello_world.o" -mcpu=cortex-a9 -mfpu=vfpv3 -mfloat-abi=hard -I../../lab1proj_bsp/ps7_cortexa9_0/include -MMD -MP -MF"src/freertos_hello_world.d" -MT"src/freertos_hello_world.o" -o "src/freertos_hello_world.o" "../src/freertos_hello_world.c"
../src/freertos_hello_world.c:3:1: warning: "/*" within comment [-Wcomment]
 /*
  
../src/freertos_hello_world.c: In function 'prvTxTask':
../src/freertos_hello_world.c:196:9: error: expected expression before ')' token
      if(){
         ^
../src/freertos_hello_world.c:151:14: warning: variable 'uxPriority' set but not used [-Wunused-but-set-variable]
  UBaseType_t uxPriority;
              ^~~~~~~~~~
../src/freertos_hello_world.c: In function 'prvRxTask':
../src/freertos_hello_world.c:282:7: warning: unused variable 'm_s_b' [-Wunused-variable]
   u32 m_s_b = SSD_decode(msb, 1);
       ^~~~~
../src/freertos_hello_world.c:281:7: warning: unused variable 'l_s_b' [-Wunused-variable]
   u32 l_s_b = SSD_decode(lsb, 0);
       ^~~~~
make: *** [src/subdir.mk:26: src/freertos_hello_world.o] Error 1
15:25:23 **** Build of configuration Debug for project lab1proj3 ****
make pre-build main-build 
a9-linaro-pre-build-step
 
Building file: ../src/freertos_hello_world.c
Invoking: ARM v7 gcc compiler
arm-none-eabi-gcc -Wall -O0 -g3 -c -fmessage-length=0 -MT"src/freertos_hello_world.o" -mcpu=cortex-a9 -mfpu=vfpv3 -mfloat-abi=hard -I../../lab1proj_bsp/ps7_cortexa9_0/include -MMD -MP -MF"src/freertos_hello_world.d" -MT"src/freertos_hello_world.o" -o "src/freertos_hello_world.o" "../src/freertos_hello_world.c"
Finished building: ../src/freertos_hello_world.c
 
Building target: lab1proj3.elf
Invoking: ARM v7 gcc linker
arm-none-eabi-gcc -mcpu=cortex-a9 -mfpu=vfpv3 -mfloat-abi=hard -Wl,-build-id=none -specs=Xilinx.spec -Wl,-T -Wl,../src/lscript.ld -L../../lab1proj_bsp/ps7_cortexa9_0/lib -o "lab1proj3.elf" ./src/freertos_hello_world.o   -Wl,--start-group,-lxil,-lfreertos,-lgcc,-lc,--end-group
Finished building target: lab1proj3.elf
 
Invoking: ARM v7 Print Size
arm-none-eabi-size lab1proj3.elf  |tee "lab1proj3.elf.size"
   text	   data	    bss	    dec	    hex	filename
  77708	   3388	  89424	 170520	  29a18	lab1proj3.elf
Finished building: lab1proj3.elf.size
 
15:26:04 **** Auto Build of configuration Debug for project lab1proj3 ****
make pre-build main-build 
a9-linaro-pre-build-step
 
Building file: ../src/pmodkypd.c
Invoking: ARM v7 gcc compiler
arm-none-eabi-gcc -Wall -O0 -g3 -c -fmessage-length=0 -MT"src/pmodkypd.o" -mcpu=cortex-a9 -mfpu=vfpv3 -mfloat-abi=hard -I../../lab1proj_bsp/ps7_cortexa9_0/include -MMD -MP -MF"src/pmodkypd.d" -MT"src/pmodkypd.o" -o "src/pmodkypd.o" "../src/pmodkypd.c"
Finished building: ../src/pmodkypd.c
 
Building target: lab1proj3.elf
Invoking: ARM v7 gcc linker
arm-none-eabi-gcc -mcpu=cortex-a9 -mfpu=vfpv3 -mfloat-abi=hard -Wl,-build-id=none -specs=Xilinx.spec -Wl,-T -Wl,../src/lscript.ld -L../../lab1proj_bsp/ps7_cortexa9_0/lib -o "lab1proj3.elf" ./src/freertos_hello_world.o ./src/pmodkypd.o   -Wl,--start-group,-lxil,-lfreertos,-lgcc,-lc,--end-group
Finished building target: lab1proj3.elf
 
Invoking: ARM v7 Print Size
arm-none-eabi-size lab1proj3.elf  |tee "lab1proj3.elf.size"
   text	   data	    bss	    dec	    hex	filename
  79244	   3388	  89424	 172056	  2a018	lab1proj3.elf
Finished building: lab1proj3.elf.size
 
15:26:20 **** Auto Build of configuration Debug for project lab1proj2 ****
make pre-build main-build 
a9-linaro-pre-build-step
 
Building file: ../src/freertos_hello_world.c
Invoking: ARM v7 gcc compiler
arm-none-eabi-gcc -Wall -O0 -g3 -c -fmessage-length=0 -MT"src/freertos_hello_world.o" -mcpu=cortex-a9 -mfpu=vfpv3 -mfloat-abi=hard -I../../lab1proj_bsp/ps7_cortexa9_0/include -MMD -MP -MF"src/freertos_hello_world.d" -MT"src/freertos_hello_world.o" -o "src/freertos_hello_world.o" "../src/freertos_hello_world.c"
../src/freertos_hello_world.c: In function 'prvTxTask':
../src/freertos_hello_world.c:132:14: warning: variable 'uxPriority' set but not used [-Wunused-but-set-variable]
  UBaseType_t uxPriority;
              ^~~~~~~~~~
../src/freertos_hello_world.c: In function 'prvRxTask':
../src/freertos_hello_world.c:222:19: warning: unused variable 'xDelay1500ms' [-Wunused-variable]
  const TickType_t xDelay1500ms = pdMS_TO_TICKS(1500UL);
                   ^~~~~~~~~~~~
../src/freertos_hello_world.c:219:14: warning: variable 'uxPriority' set but not used [-Wunused-but-set-variable]
  UBaseType_t uxPriority;
              ^~~~~~~~~~
Finished building: ../src/freertos_hello_world.c
 
Building target: lab1proj2.elf
Invoking: ARM v7 gcc linker
arm-none-eabi-gcc -mcpu=cortex-a9 -mfpu=vfpv3 -mfloat-abi=hard -Wl,-build-id=none -specs=Xilinx.spec -Wl,-T -Wl,../src/lscript.ld -L../../lab1proj_bsp/ps7_cortexa9_0/lib -o "lab1proj2.elf" ./src/freertos_hello_world.o ./src/pmodkypd.o   -Wl,--start-group,-lxil,-lfreertos,-lgcc,-lc,--end-group
Finished building target: lab1proj2.elf
 
Invoking: ARM v7 Print Size
arm-none-eabi-size lab1proj2.elf  |tee "lab1proj2.elf.size"
   text	   data	    bss	    dec	    hex	filename
  80904	   3448	  89456	 173808	  2a6f0	lab1proj2.elf
Finished building: lab1proj2.elf.size
 
