16:59:31 **** Auto Build of configuration Debug for project lab1proj2 ****
make pre-build main-build 
a9-linaro-pre-build-step
' '
'Building file: ../src/freertos_hello_world.c'
'Invoking: ARM v7 gcc compiler'
arm-none-eabi-gcc -Wall -O0 -g3 -c -fmessage-length=0 -MT"src/freertos_hello_world.o" -mcpu=cortex-a9 -mfpu=vfpv3 -mfloat-abi=hard -I../../lab1proj_bsp/ps7_cortexa9_0/include -MMD -MP -MF"src/freertos_hello_world.d" -MT"src/freertos_hello_world.o" -o "src/freertos_hello_world.o" "../src/freertos_hello_world.c"
../src/freertos_hello_world.c: In function 'prvTxTask':
../src/freertos_hello_world.c:153:14: warning: variable 'uxPriority' set but not used [-Wunused-but-set-variable]
  UBaseType_t uxPriority;
              ^~~~~~~~~~
../src/freertos_hello_world.c: In function 'prvRxTask':
../src/freertos_hello_world.c:237:14: warning: variable 'uxPriority' set but not used [-Wunused-but-set-variable]
  UBaseType_t uxPriority;
              ^~~~~~~~~~
'Finished building: ../src/freertos_hello_world.c'
' '
'Building target: lab1proj2.elf'
'Invoking: ARM v7 gcc linker'
arm-none-eabi-gcc -mcpu=cortex-a9 -mfpu=vfpv3 -mfloat-abi=hard -Wl,-build-id=none -specs=Xilinx.spec -Wl,-T -Wl,../src/lscript.ld -L../../lab1proj_bsp/ps7_cortexa9_0/lib -o "lab1proj2.elf"  ./src/freertos_hello_world.o ./src/pmodkypd.o   -Wl,--start-group,-lxil,-lfreertos,-lgcc,-lc,--end-group
'Finished building target: lab1proj2.elf'
' '
'Invoking: ARM v7 Print Size'
arm-none-eabi-size lab1proj2.elf  |tee "lab1proj2.elf.size"
   text	   data	    bss	    dec	    hex	filename
  82392	   3448	  89472	 175312	  2acd0	lab1proj2.elf
'Finished building: lab1proj2.elf.size'
' '

16:59:33 Build Finished (took 2s.216ms)

