15:26:04 **** Auto Build of configuration Debug for project lab1proj3 ****
make pre-build main-build 
a9-linaro-pre-build-step
 
Building file: ../src/pmodkypd.c
Invoking: ARM v7 gcc compiler
arm-none-eabi-gcc -Wall -O0 -g3 -c -fmessage-length=0 -MT"src/pmodkypd.o" -mcpu=cortex-a9 -mfpu=vfpv3 -mfloat-abi=hard -I../../lab1proj_bsp/ps7_cortexa9_0/include -MMD -MP -MF"src/pmodkypd.d" -MT"src/pmodkypd.o" -o "src/pmodkypd.o" "../src/pmodkypd.c"
Finished building: ../src/pmodkypd.c
 
Building target: lab1proj3.elf
Invoking: ARM v7 gcc linker
arm-none-eabi-gcc -mcpu=cortex-a9 -mfpu=vfpv3 -mfloat-abi=hard -Wl,-build-id=none -specs=Xilinx.spec -Wl,-T -Wl,../src/lscript.ld -L../../lab1proj_bsp/ps7_cortexa9_0/lib -o "lab1proj3.elf" ./src/freertos_hello_world.o ./src/pmodkypd.o   -Wl,--start-group,-lxil,-lfreertos,-lgcc,-lc,--end-group
Finished building target: lab1proj3.elf
 
Invoking: ARM v7 Print Size
arm-none-eabi-size lab1proj3.elf  |tee "lab1proj3.elf.size"
   text	   data	    bss	    dec	    hex	filename
  79244	   3388	  89424	 172056	  2a018	lab1proj3.elf
Finished building: lab1proj3.elf.size
 

15:26:04 Build Finished (took 162ms)

